src/lib/EgressFilter.ts(1,10): error TS2305: Module '"./config"' has no exported member 'SENSITIVE_PATTERNS'.
src/lib/EgressFilter.ts(20,17): error TS18046: 'pattern' is of type 'unknown'.
src/lib/HoneypotAgent.ts(1,10): error TS2305: Module '"./config"' has no exported member 'RESPONSE_TEMPLATES'.
src/lib/HoneypotAgent.ts(2,15): error TS2305: Module '"./config"' has no exported member 'PersonaType'.
src/lib/Safety.ts(1,10): error TS2305: Module '"./config"' has no exported member 'SENSITIVE_PATTERNS'.
src/lib/Safety.ts(1,30): error TS2305: Module '"./config"' has no exported member 'UNSAFE_KEYWORDS'.
src/lib/Safety.ts(8,49): error TS2769: No overload matches this call.
  The last overload gave the following error.
    Argument of type 'unknown' is not assignable to parameter of type 'string | RegExp'.
src/lib/Safety.ts(16,38): error TS7006: Parameter 'keyword' implicitly has an 'any' type.
